
> project_setup@0.1.0 build
> next build

Γû▓ Next.js 16.1.1 (Turbopack)
- Environments: .env.local

node.exe : ΓÜá The "middleware" file 
convention is deprecated. Please use 
"proxy" instead. Learn more: https://nextj
s.org/docs/messages/middleware-to-proxy
At line:1 char:1
+ & "C:\Program Files\nodejs/node.exe" 
"C:\Users\LAPTOP\AppData\Roaming ...
+ ~~~~~~~~~~~~~~~~~~~~~~~~~~~~~~~~~~~~~~~~
~~~~~~~~~~~~~~~~~~~~~~~~~~~~~
    + CategoryInfo          : 
NotSpecified    : (ΓÜá The 
"middle...leware-to-proxy:S    tring) [], 
RemoteException
    + FullyQualifiedErrorId : 
NativeComman    dError
 
  Creating an optimized production build ...

> Build error occurred
Error: Turbopack build failed with 1 
errors:
./components/WelcomeNotification.tsx:5:1
Module not found: Can't resolve 
'@heroicons/react/24/outline'
[0m [90m 3 |[39m [36mimport[39m { 
useState } [36mfrom[39m 
[32m"react"[39m[33m;[39m
 [90m 4 |[39m [36mimport[39m { 
completeOnboarding } [36mfrom[39m 
[32m"@/actions/profile"[39m[33m;[39m
[31m[1m>[22m[39m[90m 5 |[39m 
[36mimport[39m { [33mXMarkIcon[39m } 
[36mfrom[39m [32m"@heroicons/react/24/o
utline"[39m[33m;[39m
 [90m   |[39m [31m[1m^[22m[39m[31m
[1m^[22m[39m[31m[1m^[22m[39m[31m[1
m^[22m[39m[31m[1m^[22m[39m[31m[1m^
[22m[39m[31m[1m^[22m[39m[31m[1m^[
22m[39m[31m[1m^[22m[39m[31m[1m^[22
m[39m[31m[1m^[22m[39m[31m[1m^[22m
[39m[31m[1m^[22m[39m[31m[1m^[22m[3
9m[31m[1m^[22m[39m[31m[1m^[22m[39m
[31m[1m^[22m[39m[31m[1m^[22m[39m[
31m[1m^[22m[39m[31m[1m^[22m[39m[31
m[1m^[22m[39m[31m[1m^[22m[39m[31m
[1m^[22m[39m[31m[1m^[22m[39m[31m[1
m^[22m[39m[31m[1m^[22m[39m[31m[1m^
[22m[39m[31m[1m^[22m[39m[31m[1m^[
22m[39m[31m[1m^[22m[39m[31m[1m^[22
m[39m[31m[1m^[22m[39m[31m[1m^[22m
[39m[31m[1m^[22m[39m[31m[1m^[22m[3
9m[31m[1m^[22m[39m[31m[1m^[22m[39m
[31m[1m^[22m[39m[31m[1m^[22m[39m[
31m[1m^[22m[39m[31m[1m^[22m[39m[31
m[1m^[22m[39m[31m[1m^[22m[39m[31m
[1m^[22m[39m[31m[1m^[22m[39m[31m[1
m^[22m[39m[31m[1m^[22m[39m[31m[1m^
[22m[39m[31m[1m^[22m[39m[31m[1m^[
22m[39m[31m[1m^[22m[39m[31m[1m^[22
m[39m[31m[1m^[22m[39m[31m[1m^[22m
[39m[31m[1m^[22m[39m[31m[1m^[22m[3
9m
 [90m 6 |[39m
 [90m 7 |[39m [36mexport[39m 
[36mdefault[39m [36mfunction[39m 
[33mWelcomeNotification[39m() {
 [90m 8 |[39m   [36mconst[39m 
[show[33m,[39m setShow] [33m=[39m 
useState([36mtrue[39m)[33m;[39m[0m



Import trace:
  Client Component Browser:
    ./components/WelcomeNotification.tsx 
[Client Component Browser]
    ./components/ClientGlobalWrappers.tsx 
[Client Component Browser]
    ./components/ClientGlobalWrappers.tsx 
[Server Component]
    ./app/layout.tsx [Server Component]

https://nextjs.org/docs/messages/module-no
t-found


    at <unknown> 
(./components/WelcomeNotification.tsx:5:1)
    at <unknown> (https://nextjs.org/docs/
messages/module-not-found)
