
Running 2 tests using 1 worker

[1A[2K[1/2] tests\responsive_audit.spec.ts:15:13 ΓÇ║ Responsive Layout Audit ΓÇ║ Page: / ΓÇ║ Verify layout on Mobile (375x812)
[1A[2K  1) tests\responsive_audit.spec.ts:15:13 ΓÇ║ Responsive Layout Audit ΓÇ║ Page: / ΓÇ║ Verify layout on Mobile (375x812) 

    Error: [2mexpect([22m[31mlocator[39m[2m).[22mtoBeVisible[2m([22m[2m)[22m failed

    Locator: locator('header')
    Expected: visible
    Error: strict mode violation: locator('header') resolved to 2 elements:
        1) <header class="w-full bg-white sticky top-0 z-50">ΓÇª</header> aka getByRole('banner')
        2) <header class="relative w-full h-auto flex items-center justify-center bg-white">ΓÇª</header> aka locator('header').filter({ hasText: /^─Éß╗ÆNG NG├öN$/ })

    Call log:
    [2m  - Expect "toBeVisible" with timeout 5000ms[22m
    [2m  - waiting for locator('header')[22m


      22 |           // Check for common elements
      23 |           const header = page.locator('header');
    > 24 |           await expect(header).toBeVisible();
         |                                ^
      25 |
      26 |           // Check functionality - Navigation
      27 |           if (vp.name === 'Mobile') {
        at C:\Users\LAPTOP\Desktop\Projects\Website\dongngon\tests\responsive_audit.spec.ts:24:32

    Error Context: test-results\tests-responsive_audit-Res-30550-y-layout-on-Mobile-375x812-\error-context.md


[1A[2K[2/2] tests\responsive_audit.spec.ts:15:13 ΓÇ║ Responsive Layout Audit ΓÇ║ Page: /dong-ngon ΓÇ║ Verify layout on Mobile (375x812)
[1A[2K  2) tests\responsive_audit.spec.ts:15:13 ΓÇ║ Responsive Layout Audit ΓÇ║ Page: /dong-ngon ΓÇ║ Verify layout on Mobile (375x812) 

    [31mTest timeout of 30000ms exceeded.[39m

    Error: locator.click: Target crashed 
    Call log:
    [2m  - waiting for locator('button[aria-label="Mß╗ƒ menu"]')[22m
    [2m    - locator resolved to <button aria-label="Mß╗ƒ menu" class="p-2 hover:opacity-70 transition-opacity">ΓÇª</button>[22m
    [2m  - attempting click action[22m
    [2m    2 ├ù waiting for element to be visible, enabled and stable[22m
    [2m      - element is visible, enabled and stable[22m
    [2m      - scrolling into view if needed[22m
    [2m      - done scrolling[22m
    [2m      - <nextjs-portal></nextjs-portal> from <script data-nextjs-dev-overlay="true">ΓÇª</script> subtree intercepts pointer events[22m
    [2m    - retrying click action[22m
    [2m    - waiting 20ms[22m
    [2m    2 ├ù waiting for element to be visible, enabled and stable[22m
    [2m      - element is visible, enabled and stable[22m
    [2m      - scrolling into view if needed[22m
    [2m      - done scrolling[22m
    [2m      - <nextjs-portal></nextjs-portal> from <script data-nextjs-dev-overlay="true">ΓÇª</script> subtree intercepts pointer events[22m
    [2m    - retrying click action[22m
    [2m      - waiting 100ms[22m
    [2m    42 ├ù waiting for element to be visible, enabled and stable[22m
    [2m       - element is visible, enabled and stable[22m
    [2m       - scrolling into view if needed[22m
    [2m       - done scrolling[22m
    [2m       - <nextjs-portal></nextjs-portal> from <script data-nextjs-dev-overlay="true">ΓÇª</script> subtree intercepts pointer events[22m
    [2m     - retrying click action[22m
    [2m       - waiting 500ms[22m


      30 |             
      31 |             // Open menu
    > 32 |             await menuButton.click();
         |                              ^
      33 |             const closeButton = page.locator('button[aria-label="─É├│ng menu"]');
      34 |             await expect(closeButton).toBeVisible();
      35 |             await closeButton.click();
        at C:\Users\LAPTOP\Desktop\Projects\Website\dongngon\tests\responsive_audit.spec.ts:32:30


